// Jest Snapshot v1, https://goo.gl/fbAQLP

exports[`HomePage Tests snapshot of home page hasn't changed 1`] = `
<div
  className="HomePage"
>
  <h3>
    Welcome to AniTracker!
  </h3>
</div>
`;
